// Jest Snapshot v1, https://goo.gl/fbAQLP

exports[`Controls component renders Controls 1`] = `
<section
  className="Controls"
>
  <Button
    actionObj={
      Object {
        "action": [Function],
        "stateName": "coffees",
        "text": "Drink Coffee",
      }
    }
    key="Drink Coffee"
  />
  <Button
    actionObj={
      Object {
        "action": [Function],
        "stateName": "snacks",
        "text": "Snack",
      }
    }
    key="Snack"
  />
  <Button
    actionObj={
      Object {
        "action": [Function],
        "stateName": "naps",
        "text": "Nap",
      }
    }
    key="Nap"
  />
  <Button
    actionObj={
      Object {
        "action": [Function],
        "stateName": "studies",
        "text": "Study",
      }
    }
    key="Study"
  />
</section>
`;
